// Jest Snapshot v1, https://goo.gl/fbAQLP

exports[`AppComponent Should match the snapshot 1`] = `
<app-root>
  <router-outlet />
</app-root>
`;
